smartctl 7.1 2019-12-30 r5022 [x86_64-linux-5.4.0-42-generic] (local build)
Copyright (C) 2002-19, Bruce Allen, Christian Franke, www.smartmontools.org

=== START OF INFORMATION SECTION ===
Model Number:                       INTEL SSDPEKKF360G7H
Serial Number:                      BTPY72460BPF360E
Firmware Version:                   HP01
PCI Vendor/Subsystem ID:            0x8086
IEEE OUI Identifier:                0x5cd2e4
Controller ID:                      1
Number of Namespaces:               1
Namespace 1 Size/Capacity:          360,080,695,296 [360 GB]
Namespace 1 Formatted LBA Size:     512
Local Time is:                      Fri Aug 14 14:59:10 2020 PDT
Firmware Updates (0x12):            1 Slot, no Reset required
Optional Admin Commands (0x0007):   Security Format Frmw_DL
Optional NVM Commands (0x001e):     Wr_Unc DS_Mngmt Wr_Zero Sav/Sel_Feat
Maximum Data Transfer Size:         32 Pages
Warning  Comp. Temp. Threshold:     65 Celsius
Critical Comp. Temp. Threshold:     80 Celsius

Supported Power States
St Op     Max   Active     Idle   RL RT WL WT  Ent_Lat  Ex_Lat
 0 +     9.00W       -        -    0  0  0  0        5       5
 1 +     4.60W       -        -    1  1  1  1       30      30
 2 +     3.80W       -        -    2  2  2  2       30      30
 3 -   0.0700W       -        -    3  3  3  3    10000     300
 4 -   0.0050W       -        -    4  4  4  4     2000   10000

Supported LBA Sizes (NSID 0x1)
Id Fmt  Data  Metadt  Rel_Perf
 0 +     512       0         0

=== START OF SMART DATA SECTION ===
SMART overall-health self-assessment test result: FAILED!
- available spare has fallen below threshold

SMART/Health Information (NVMe Log 0x02)
Critical Warning:                   0x01
Temperature:                        25 Celsius
Available Spare:                    6%
Available Spare Threshold:          10%
Percentage Used:                    3%
Data Units Read:                    21,451,311 [10.9 TB]
Data Units Written:                 13,137,514 [6.72 TB]
Host Read Commands:                 337,277,497
Host Write Commands:                178,605,124
Controller Busy Time:               3,445
Power Cycles:                       2,946
Power On Hours:                     1,545
Unsafe Shutdowns:                   180
Media and Data Integrity Errors:    1,033
Error Information Log Entries:      0
Warning  Comp. Temperature Time:    252
Critical Comp. Temperature Time:    0

Error Information (NVMe Log 0x01, max 256 entries)
Num   ErrCount  SQId   CmdId  Status  PELoc          LBA  NSID    VS
 41         22     0  0x0000  0x0000  0x000            0     0     -
 56 12884901890     0  0x0000  0x0000  0x000            0     0     -
 57   83886080     0  0x0000  0x0000  0x000            1     0     -
 58 3480814476486246400 13105  0x3938  0x0000  0x000 4611408877072613376 16383     -
 68 16459397013857602 36407  0x003a  0xa2b4  0x03a 16549518312650549 3854004  0x2f
 69 16144043335042674 28521  0x0039  0x83e6  0x039 16215653324789856 3779805  0x5b
 70 15828865749890137 20669  0x0038  0x6538  0x038 15918905444301232 3711651  0x3e
 71 15626212012945270 37505  0x0037  0x9870  0x037 15671253334990277 3652444  0x7e
 72 15333256588584193 34389  0x0036  0x8e05  0x036 15405824356033577 3591051  0x0f
 73 15040077825925132 33635  0x0035  0x97e6  0x035 15107727855822650 3522793  0x1d
 74 19320592557969276 47221  0x0044  0xc9ca  0x044 19374322598857957 3449324  0x4b
 75 19072833074474533 51906  0x0043  0xd719  0x043 19120696190036882 4453418  0x8f
 76 18780105283381483 48837  0x0042  0xcce1  0x042 18834337835438425 4393539  0xb8
 77 18521449467856911 54388  0x0041  0xd727  0x041 18599905635463379 4335876  0x80
 78 18261973313572011 62890  0x0040  0x0a2b  0x041 18343229799866028 4272940  0xae
 79 17925917892386140 54989  0x003f  0xeb48  0x03f 18020991288475583 4199476  0xe4
... (45 entries not shown)
